// Jest Snapshot v1, https://goo.gl/fbAQLP

exports[`what handle lookup decides today the relationship labels, exactly as the UI receives them 1`] = `
{
  "accepted": {
    "handle": "rhea",
    "id": "u2",
    "name": "Rhea",
    "profileImage": null,
    "relationship": "accepted",
    "requestedModules": null,
    "requestedRelationship": null,
  },
  "blocked": {
    "handle": "rhea",
    "id": "u2",
    "name": "Rhea",
    "profileImage": null,
    "relationship": "blocked",
    "requestedModules": null,
    "requestedRelationship": null,
  },
  "iAsked": {
    "handle": "rhea",
    "id": "u2",
    "name": "Rhea",
    "profileImage": null,
    "relationship": "pending_out",
    "requestedModules": [],
    "requestedRelationship": null,
  },
  "stranger": {
    "handle": "rhea",
    "id": "u2",
    "name": "Rhea",
    "profileImage": null,
    "relationship": "none",
    "requestedModules": null,
    "requestedRelationship": null,
  },
  "theyAsked": {
    "handle": "rhea",
    "id": "u2",
    "name": "Rhea",
    "profileImage": null,
    "relationship": "pending_in",
    "requestedModules": [
      "medical",
      "financial",
    ],
    "requestedRelationship": "family",
  },
  "theyAskedBeyondTheirRelationship": {
    "handle": "rhea",
    "id": "u2",
    "name": "Rhea",
    "profileImage": null,
    "relationship": "pending_in",
    "requestedModules": [
      "jobs",
    ],
    "requestedRelationship": "friend",
  },
  "theyAskedUnparseable": {
    "handle": "rhea",
    "id": "u2",
    "name": "Rhea",
    "profileImage": null,
    "relationship": "pending_in",
    "requestedModules": [],
    "requestedRelationship": null,
  },
}
`;
